[    0.000000] Linux version 6.14.0-tjukmong (lfs@tjukmong) (gcc (GCC) 13.3.0, GNU ld (GNU Binutils) 2.43.1) #3 SMP PREEMPT_DYNAMIC Sun Apr 27 17:03:00 +07 2025
[    0.000000] Command line: BOOT_IMAGE=/vmlinuz-6.14.0-tjukmong root=PARTUUID=60baabfc-57e7-3747-8af4-211883a2932b rw rootwait noinitrd
[    0.000000] BIOS-provided physical RAM map:
[    0.000000] BIOS-e820: [mem 0x0000000000000000-0x000000000002ffff] usable
[    0.000000] BIOS-e820: [mem 0x0000000000030000-0x000000000004ffff] reserved
[    0.000000] BIOS-e820: [mem 0x0000000000050000-0x000000000009efff] usable
[    0.000000] BIOS-e820: [mem 0x000000000009f000-0x000000000009ffff] reserved
[    0.000000] BIOS-e820: [mem 0x0000000000100000-0x000000007e8ecfff] usable
[    0.000000] BIOS-e820: [mem 0x000000007e8ed000-0x000000007e9ecfff] reserved
[    0.000000] BIOS-e820: [mem 0x000000007e9ed000-0x000000007eaecfff] type 20
[    0.000000] BIOS-e820: [mem 0x000000007eaed000-0x000000007eb6cfff] reserved
[    0.000000] BIOS-e820: [mem 0x000000007eb6d000-0x000000007eb7efff] ACPI data
[    0.000000] BIOS-e820: [mem 0x000000007eb7f000-0x000000007ebfefff] ACPI NVS
[    0.000000] BIOS-e820: [mem 0x000000007ebff000-0x000000007effffff] usable
[    0.000000] BIOS-e820: [mem 0x000000007f000000-0x000000007fffffff] reserved
[    0.000000] BIOS-e820: [mem 0x00000000e0000000-0x00000000efffffff] reserved
[    0.000000] BIOS-e820: [mem 0x00000000feffc000-0x00000000feffffff] reserved
[    0.000000] BIOS-e820: [mem 0x0000000100000000-0x000000017fffffff] usable
[    0.000000] NX (Execute Disable) protection: active
[    0.000000] APIC: Static calls initialized
[    0.000000] efi: EFI v2.7 by EDK II
[    0.000000] efi: SMBIOS=0x7e9d5000 ACPI=0x7eb7e000 ACPI 2.0=0x7eb7e014 MEMATTR=0x7d385018 
[    0.000000] SMBIOS 2.8 present.
[    0.000000] DMI: QEMU Standard PC (Q35 + ICH9, 2009), BIOS edk2-stable202402-prebuilt.qemu.org 02/14/2024
[    0.000000] DMI: Memory slots populated: 1/1
[    0.000000] Hypervisor detected: KVM
[    0.000000] kvm-clock: Using msrs 4b564d01 and 4b564d00
[    0.000000] kvm-clock: using sched offset of 5666441601857 cycles
[    0.000001] clocksource: kvm-clock: mask: 0xffffffffffffffff max_cycles: 0x1cd42e4dffb, max_idle_ns: 881590591483 ns
[    0.000003] tsc: Detected 2419.200 MHz processor
[    0.000091] e820: update [mem 0x00000000-0x00000fff] usable ==> reserved
[    0.000093] e820: remove [mem 0x000a0000-0x000fffff] usable
[    0.000098] last_pfn = 0x180000 max_arch_pfn = 0x400000000
[    0.000129] MTRR map: 4 entries (2 fixed + 2 variable; max 18), built from 8 variable MTRRs
[    0.000132] x86/PAT: Configuration [0-7]: WB  WC  UC- UC  WB  WP  UC- WT  
[    0.000185] last_pfn = 0x7f000 max_arch_pfn = 0x400000000
[    0.005876] Using GB pages for direct mapping
[    0.005991] Secure boot could not be determined
[    0.005992] ACPI: Early table checksum verification disabled
[    0.005993] ACPI: RSDP 0x000000007EB7E014 000024 (v02 BOCHS )
[    0.005996] ACPI: XSDT 0x000000007EB7D0E8 00004C (v01 BOCHS  BXPC     00000001      01000013)
[    0.005999] ACPI: FACP 0x000000007EB78000 0000F4 (v03 BOCHS  BXPC     00000001 BXPC 00000001)
[    0.006002] ACPI: DSDT 0x000000007EB79000 00325B (v01 BOCHS  BXPC     00000001 BXPC 00000001)
[    0.006004] ACPI: FACS 0x000000007EBDD000 000040
[    0.006006] ACPI: APIC 0x000000007EB77000 000130 (v03 BOCHS  BXPC     00000001 BXPC 00000001)
[    0.006007] ACPI: MCFG 0x000000007EB76000 00003C (v01 BOCHS  BXPC     00000001 BXPC 00000001)
[    0.006009] ACPI: WAET 0x000000007EB75000 000028 (v01 BOCHS  BXPC     00000001 BXPC 00000001)
[    0.006011] ACPI: BGRT 0x000000007EB74000 000038 (v01 INTEL  EDK2     00000002      01000013)
[    0.006012] ACPI: Reserving FACP table memory at [mem 0x7eb78000-0x7eb780f3]
[    0.006013] ACPI: Reserving DSDT table memory at [mem 0x7eb79000-0x7eb7c25a]
[    0.006014] ACPI: Reserving FACS table memory at [mem 0x7ebdd000-0x7ebdd03f]
[    0.006014] ACPI: Reserving APIC table memory at [mem 0x7eb77000-0x7eb7712f]
[    0.006015] ACPI: Reserving MCFG table memory at [mem 0x7eb76000-0x7eb7603b]
[    0.006015] ACPI: Reserving WAET table memory at [mem 0x7eb75000-0x7eb75027]
[    0.006015] ACPI: Reserving BGRT table memory at [mem 0x7eb74000-0x7eb74037]
[    0.006253] No NUMA configuration found
[    0.006253] Faking a node at [mem 0x0000000000000000-0x000000017fffffff]
[    0.006256] NODE_DATA(0) allocated [mem 0x17fffc940-0x17fffffff]
[    0.006269] Zone ranges:
[    0.006270]   DMA      [mem 0x0000000000001000-0x0000000000ffffff]
[    0.006271]   DMA32    [mem 0x0000000001000000-0x00000000ffffffff]
[    0.006273]   Normal   [mem 0x0000000100000000-0x000000017fffffff]
[    0.006274] Movable zone start for each node
[    0.006275] Early memory node ranges
[    0.006275]   node   0: [mem 0x0000000000001000-0x000000000002ffff]
[    0.006277]   node   0: [mem 0x0000000000050000-0x000000000009efff]
[    0.006278]   node   0: [mem 0x0000000000100000-0x000000007e8ecfff]
[    0.006279]   node   0: [mem 0x000000007ebff000-0x000000007effffff]
[    0.006279]   node   0: [mem 0x0000000100000000-0x000000017fffffff]
[    0.006280] Initmem setup node 0 [mem 0x0000000000001000-0x000000017fffffff]
[    0.006286] On node 0, zone DMA: 1 pages in unavailable ranges
[    0.006288] On node 0, zone DMA: 32 pages in unavailable ranges
[    0.006307] On node 0, zone DMA: 97 pages in unavailable ranges
[    0.008736] On node 0, zone DMA32: 786 pages in unavailable ranges
[    0.011138] On node 0, zone Normal: 4096 pages in unavailable ranges
[    0.012260] ACPI: PM-Timer IO Port: 0x608
[    0.012268] ACPI: LAPIC_NMI (acpi_id[0xff] dfl dfl lint[0x1])
[    0.012304] IOAPIC[0]: apic_id 0, version 17, address 0xfec00000, GSI 0-23
[    0.012306] ACPI: INT_SRC_OVR (bus 0 bus_irq 0 global_irq 2 dfl dfl)
[    0.012307] ACPI: INT_SRC_OVR (bus 0 bus_irq 5 global_irq 5 high level)
[    0.012308] ACPI: INT_SRC_OVR (bus 0 bus_irq 9 global_irq 9 high level)
[    0.012309] ACPI: INT_SRC_OVR (bus 0 bus_irq 10 global_irq 10 high level)
[    0.012309] ACPI: INT_SRC_OVR (bus 0 bus_irq 11 global_irq 11 high level)
[    0.012312] ACPI: Using ACPI (MADT) for SMP configuration information
[    0.012317] e820: update [mem 0x7cd97000-0x7cd9ffff] usable ==> reserved
[    0.012324] TSC deadline timer available
[    0.012326] CPU topo: Max. logical packages:   1
[    0.012332] CPU topo: Max. logical dies:       1
[    0.012332] CPU topo: Max. dies per package:   1
[    0.012334] CPU topo: Max. threads per core:   4
[    0.012335] CPU topo: Num. cores per package:     6
[    0.012335] CPU topo: Num. threads per package:  24
[    0.012335] CPU topo: Allowing 24 present CPUs plus 0 hotplug CPUs
[    0.012344] kvm-guest: APIC: eoi() replaced with kvm_guest_apic_eoi_write()
[    0.012352] kvm-guest: KVM setup pv remote TLB flush
[    0.012358] kvm-guest: setup PV sched yield
[    0.012364] PM: hibernation: Registered nosave memory: [mem 0x00000000-0x00000fff]
[    0.012364] PM: hibernation: Registered nosave memory: [mem 0x00030000-0x0004ffff]
[    0.012365] PM: hibernation: Registered nosave memory: [mem 0x0009f000-0x0009ffff]
[    0.012366] PM: hibernation: Registered nosave memory: [mem 0x000a0000-0x000fffff]
[    0.012366] PM: hibernation: Registered nosave memory: [mem 0x7cd97000-0x7cd9ffff]
[    0.012367] PM: hibernation: Registered nosave memory: [mem 0x7e8ed000-0x7e9ecfff]
[    0.012367] PM: hibernation: Registered nosave memory: [mem 0x7e9ed000-0x7eaecfff]
[    0.012368] PM: hibernation: Registered nosave memory: [mem 0x7eaed000-0x7eb6cfff]
[    0.012368] PM: hibernation: Registered nosave memory: [mem 0x7eb6d000-0x7eb7efff]
[    0.012368] PM: hibernation: Registered nosave memory: [mem 0x7eb7f000-0x7ebfefff]
[    0.012369] PM: hibernation: Registered nosave memory: [mem 0x7f000000-0x7fffffff]
[    0.012369] PM: hibernation: Registered nosave memory: [mem 0x80000000-0xdfffffff]
[    0.012370] PM: hibernation: Registered nosave memory: [mem 0xe0000000-0xefffffff]
[    0.012370] PM: hibernation: Registered nosave memory: [mem 0xf0000000-0xfeffbfff]
[    0.012370] PM: hibernation: Registered nosave memory: [mem 0xfeffc000-0xfeffffff]
[    0.012371] PM: hibernation: Registered nosave memory: [mem 0xff000000-0xffffffff]
[    0.012371] [mem 0x80000000-0xdfffffff] available for PCI devices
[    0.012372] Booting paravirtualized kernel on KVM
[    0.012373] clocksource: refined-jiffies: mask: 0xffffffff max_cycles: 0xffffffff, max_idle_ns: 1910969940391419 ns
[    0.017984] setup_percpu: NR_CPUS:64 nr_cpumask_bits:24 nr_cpu_ids:24 nr_node_ids:1
[    0.018945] percpu: Embedded 56 pages/cpu s191320 r8192 d29864 u262144
[    0.018948] pcpu-alloc: s191320 r8192 d29864 u262144 alloc=1*2097152
[    0.018950] pcpu-alloc: [0] 00 01 02 03 04 05 06 07 [0] 08 09 10 11 12 13 14 15 
[    0.018954] pcpu-alloc: [0] 16 17 18 19 20 21 22 23 
[    0.018981] Kernel command line: BOOT_IMAGE=/vmlinuz-6.14.0-tjukmong root=PARTUUID=60baabfc-57e7-3747-8af4-211883a2932b rw rootwait noinitrd
[    0.019005] Unknown kernel command line parameters "BOOT_IMAGE=/vmlinuz-6.14.0-tjukmong", will be passed to user space.
[    0.019014] random: crng init done
[    0.019015] printk: log buffer data + meta data: 262144 + 917504 = 1179648 bytes
[    0.019457] Dentry cache hash table entries: 524288 (order: 10, 4194304 bytes, linear)
[    0.019725] Inode-cache hash table entries: 262144 (order: 9, 2097152 bytes, linear)
[    0.019985] Fallback order for Node 0: 0 
[    0.019988] Built 1 zonelists, mobility grouping on.  Total pages: 1043564
[    0.019988] Policy zone: Normal
[    0.019989] mem auto-init: stack:all(zero), heap alloc:off, heap free:off
[    0.019991] software IO TLB: area num 32.
[    0.036157] SLUB: HWalign=64, Order=0-3, MinObjects=0, CPUs=24, Nodes=1
[    0.037035] Dynamic Preempt: voluntary
[    0.037091] rcu: Preemptible hierarchical RCU implementation.
[    0.037092] rcu: 	RCU event tracing is enabled.
[    0.037092] rcu: 	RCU restricting CPUs from NR_CPUS=64 to nr_cpu_ids=24.
[    0.037093] 	Trampoline variant of Tasks RCU enabled.
[    0.037093] 	Tracing variant of Tasks RCU enabled.
[    0.037094] rcu: RCU calculated value of scheduler-enlistment delay is 100 jiffies.
[    0.037094] rcu: Adjusting geometry for rcu_fanout_leaf=16, nr_cpu_ids=24
[    0.037103] RCU Tasks: Setting shift to 5 and lim to 1 rcu_task_cb_adjust=1 rcu_task_cpu_ids=24.
[    0.037105] RCU Tasks Trace: Setting shift to 5 and lim to 1 rcu_task_cb_adjust=1 rcu_task_cpu_ids=24.
[    0.039636] NR_IRQS: 4352, nr_irqs: 616, preallocated irqs: 16
[    0.039844] rcu: srcu_init: Setting srcu_struct sizes based on contention.
[    0.039914] Console: colour dummy device 80x25
[    0.039916] printk: legacy console [tty0] enabled
[    0.040046] ACPI: Core revision 20240827
[    0.040079] APIC: Switch to symmetric I/O mode setup
[    0.040083] kvm-guest: APIC: send_IPI_mask() replaced with kvm_send_ipi_mask()
[    0.040088] kvm-guest: APIC: send_IPI_mask_allbutself() replaced with kvm_send_ipi_mask_allbutself()
[    0.040090] kvm-guest: setup PV IPIs
[    0.040798] clocksource: tsc-early: mask: 0xffffffffffffffff max_cycles: 0x22df1149949, max_idle_ns: 440795312789 ns
[    0.040808] Calibrating delay loop (skipped) preset value.. 4838.40 BogoMIPS (lpj=2419200)
[    0.040907] x86/cpu: User Mode Instruction Prevention (UMIP) activated
[    0.040958] Last level iTLB entries: 4KB 0, 2MB 0, 4MB 0
[    0.040959] Last level dTLB entries: 4KB 0, 2MB 0, 4MB 0, 1GB 0
[    0.040964] Spectre V1 : Mitigation: usercopy/swapgs barriers and __user pointer sanitization
[    0.040967] Spectre V2 : Spectre BHI mitigation: SW BHB clearing on syscall and VM exit
[    0.040968] Spectre V2 : Mitigation: Enhanced / Automatic IBRS
[    0.040970] Spectre V2 : Spectre v2 / SpectreRSB mitigation: Filling RSB on context switch
[    0.040971] Spectre V2 : Spectre v2 / PBRSB-eIBRS: Retire a single CALL on VMEXIT
[    0.040973] Spectre V2 : mitigation: Enabling conditional Indirect Branch Prediction Barrier
[    0.040975] Speculative Store Bypass: Mitigation: Speculative Store Bypass disabled via prctl
[    0.040977] Register File Data Sampling: Mitigation: Clear Register File
[    0.040991] x86/fpu: Supporting XSAVE feature 0x001: 'x87 floating point registers'
[    0.040993] x86/fpu: Supporting XSAVE feature 0x002: 'SSE registers'
[    0.040995] x86/fpu: Supporting XSAVE feature 0x004: 'AVX registers'
[    0.040996] x86/fpu: Supporting XSAVE feature 0x200: 'Protection Keys User registers'
[    0.040998] x86/fpu: xstate_offset[2]:  576, xstate_sizes[2]:  256
[    0.041000] x86/fpu: xstate_offset[9]:  832, xstate_sizes[9]:    8
[    0.041001] x86/fpu: Enabled xstate features 0x207, context size is 840 bytes, using 'compacted' format.
[    0.041807] Freeing SMP alternatives memory: 48K
[    0.041807] pid_max: default: 32768 minimum: 301
[    0.041807] LSM: initializing lsm=capability,selinux
[    0.041807] SELinux:  Initializing.
[    0.041807] Mount-cache hash table entries: 8192 (order: 4, 65536 bytes, linear)
[    0.041807] Mountpoint-cache hash table entries: 8192 (order: 4, 65536 bytes, linear)
[    0.041807] smpboot: CPU0: 13th Gen Intel(R) Core(TM) i9-13900HX (family: 0x6, model: 0xb7, stepping: 0x1)
[    0.041807] Performance Events: unsupported p6 CPU model 183 no PMU driver, software events only.
[    0.041807] signal: max sigframe size: 3632
[    0.041807] rcu: Hierarchical SRCU implementation.
[    0.041807] rcu: 	Max phase no-delay instances is 400.
[    0.041807] Timer migration: 2 hierarchy levels; 8 children per group; 2 crossnode level
[    0.041807] smp: Bringing up secondary CPUs ...
[    0.041807] smpboot: x86: Booting SMP configuration:
[    0.041807] .... node  #0, CPUs:        #4  #8 #12 #16 #20  #1  #2  #3  #5  #6  #7  #9 #10 #11 #13 #14 #15 #17 #18 #19 #21 #22 #23
[    0.060979] smp: Brought up 1 node, 24 CPUs
[    0.060986] smpboot: Total of 24 processors activated (116121.60 BogoMIPS)
[    0.061922] Memory: 3980460K/4174256K available (18609K kernel code, 2861K rwdata, 7108K rodata, 2848K init, 908K bss, 185156K reserved, 0K cma-reserved)
[    0.062031] devtmpfs: initialized
[    0.062113] ACPI: PM: Registering ACPI NVS region [mem 0x7eb7f000-0x7ebfefff] (524288 bytes)
[    0.062113] clocksource: jiffies: mask: 0xffffffff max_cycles: 0xffffffff, max_idle_ns: 1911260446275000 ns
[    0.062113] futex hash table entries: 8192 (order: 7, 524288 bytes, linear)
[    0.062879] PM: RTC time: 11:38:32, date: 2025-04-27
[    0.063149] NET: Registered PF_NETLINK/PF_ROUTE protocol family
[    0.063217] audit: initializing netlink subsys (disabled)
[    0.063230] audit: type=2000 audit(1745753911.729:1): state=initialized audit_enabled=0 res=1
[    0.063230] thermal_sys: Registered thermal governor 'step_wise'
[    0.063230] cpuidle: using governor menu
[    0.063230] PCI: ECAM [mem 0xe0000000-0xefffffff] (base 0xe0000000) for domain 0000 [bus 00-ff]
[    0.063230] PCI: Using configuration type 1 for base access
[    0.063230] kprobes: kprobe jump-optimization is enabled. All kprobes are optimized if possible.
[    0.063864] HugeTLB: registered 2.00 MiB page size, pre-allocated 0 pages
[    0.063866] HugeTLB: 28 KiB vmemmap can be freed for a 2.00 MiB page
[    0.063921] ACPI: Added _OSI(Module Device)
[    0.063921] ACPI: Added _OSI(Processor Device)
[    0.063921] ACPI: Added _OSI(3.0 _SCP Extensions)
[    0.063921] ACPI: Added _OSI(Processor Aggregator Device)
[    0.064452] ACPI: 1 ACPI AML tables successfully acquired and loaded
[    0.064911] ACPI: Interpreter enabled
[    0.064916] ACPI: PM: (supports S0 S5)
[    0.064917] ACPI: Using IOAPIC for interrupt routing
[    0.064925] PCI: Using host bridge windows from ACPI; if necessary, use "pci=nocrs" and report a bug
[    0.064926] PCI: Ignoring E820 reservations for host bridge windows
[    0.064974] ACPI: Enabled 2 GPEs in block 00 to 3F
[    0.066984] ACPI: PCI Root Bridge [PCI0] (domain 0000 [bus 00-ff])
[    0.066988] acpi PNP0A08:00: _OSC: OS supports [ExtendedConfig ASPM ClockPM Segments MSI HPX-Type3]
[    0.067007] acpi PNP0A08:00: _OSC: platform does not support [LTR]
[    0.067027] acpi PNP0A08:00: _OSC: OS now controls [PME PCIeCapability]
[    0.067068] PCI host bridge to bus 0000:00
[    0.067070] pci_bus 0000:00: root bus resource [io  0x0000-0x0cf7 window]
[    0.067072] pci_bus 0000:00: root bus resource [io  0x0d00-0xffff window]
[    0.067074] pci_bus 0000:00: root bus resource [mem 0x000a0000-0x000bffff window]
[    0.067075] pci_bus 0000:00: root bus resource [mem 0x80000000-0xdfffffff window]
[    0.067077] pci_bus 0000:00: root bus resource [mem 0xf0000000-0xfebfffff window]
[    0.067078] pci_bus 0000:00: root bus resource [mem 0x7000000000-0x77ffffffff window]
[    0.067080] pci_bus 0000:00: root bus resource [bus 00-ff]
[    0.067112] pci 0000:00:00.0: [8086:29c0] type 00 class 0x060000 conventional PCI endpoint
[    0.067468] pci 0000:00:01.0: [1af4:1050] type 00 class 0x030000 conventional PCI endpoint
[    0.068822] pci 0000:00:01.0: BAR 0 [mem 0x80000000-0x807fffff pref]
[    0.068842] pci 0000:00:01.0: BAR 2 [mem 0x70e0000000-0x70e0003fff 64bit pref]
[    0.068849] pci 0000:00:01.0: BAR 4 [mem 0x82497000-0x82497fff]
[    0.068861] pci 0000:00:01.0: ROM [mem 0xffff0000-0xffffffff pref]
[    0.068895] pci 0000:00:01.0: Video device with shadowed ROM at [mem 0x000c0000-0x000dffff]
[    0.069365] pci 0000:00:02.0: [1b36:000c] type 01 class 0x060400 PCIe Root Port
[    0.071716] pci 0000:00:02.0: BAR 0 [mem 0x82496000-0x82496fff]
[    0.071733] pci 0000:00:02.0: PCI bridge to [bus 01]
[    0.071756] pci 0000:00:02.0:   bridge window [mem 0x82200000-0x823fffff]
[    0.072254] pci 0000:00:02.0:   bridge window [mem 0x7000000000-0x700fffffff 64bit pref]
[    0.073219] pci 0000:00:02.1: [1b36:000c] type 01 class 0x060400 PCIe Root Port
[    0.075811] pci 0000:00:02.1: BAR 0 [mem 0x82495000-0x82495fff]
[    0.075835] pci 0000:00:02.1: PCI bridge to [bus 02]
[    0.075862] pci 0000:00:02.1:   bridge window [mem 0x82000000-0x821fffff]
[    0.076850] pci 0000:00:02.1:   bridge window [mem 0x7010000000-0x701fffffff 64bit pref]
[    0.077642] pci 0000:00:02.2: [1b36:000c] type 01 class 0x060400 PCIe Root Port
[    0.078816] pci 0000:00:02.2: BAR 0 [mem 0x82494000-0x82494fff]
[    0.078837] pci 0000:00:02.2: PCI bridge to [bus 03]
[    0.078870] pci 0000:00:02.2:   bridge window [mem 0x81e00000-0x81ffffff]
[    0.079423] pci 0000:00:02.2:   bridge window [mem 0x7020000000-0x702fffffff 64bit pref]
[    0.080155] pci 0000:00:02.3: [1b36:000c] type 01 class 0x060400 PCIe Root Port
[    0.081822] pci 0000:00:02.3: BAR 0 [mem 0x82493000-0x82493fff]
[    0.081858] pci 0000:00:02.3: PCI bridge to [bus 04]
[    0.081909] pci 0000:00:02.3:   bridge window [mem 0x81c00000-0x81dfffff]
[    0.082844] pci 0000:00:02.3:   bridge window [mem 0x7030000000-0x703fffffff 64bit pref]
[    0.084964] pci 0000:00:02.4: [1b36:000c] type 01 class 0x060400 PCIe Root Port
[    0.086468] pci 0000:00:02.4: BAR 0 [mem 0x82492000-0x82492fff]
[    0.086497] pci 0000:00:02.4: PCI bridge to [bus 05]
[    0.086539] pci 0000:00:02.4:   bridge window [mem 0x81a00000-0x81bfffff]
[    0.087169] pci 0000:00:02.4:   bridge window [mem 0x7040000000-0x704fffffff 64bit pref]
[    0.088345] pci 0000:00:02.5: [1b36:000c] type 01 class 0x060400 PCIe Root Port
[    0.089820] pci 0000:00:02.5: BAR 0 [mem 0x82491000-0x82491fff]
[    0.089848] pci 0000:00:02.5: PCI bridge to [bus 06]
[    0.089890] pci 0000:00:02.5:   bridge window [mem 0x81800000-0x819fffff]
[    0.090615] pci 0000:00:02.5:   bridge window [mem 0x7050000000-0x705fffffff 64bit pref]
[    0.091575] pci 0000:00:02.6: [1b36:000c] type 01 class 0x060400 PCIe Root Port
[    0.093821] pci 0000:00:02.6: BAR 0 [mem 0x82490000-0x82490fff]
[    0.093856] pci 0000:00:02.6: PCI bridge to [bus 07]
[    0.093903] pci 0000:00:02.6:   bridge window [mem 0x81600000-0x817fffff]
[    0.094838] pci 0000:00:02.6:   bridge window [mem 0x7060000000-0x706fffffff 64bit pref]
[    0.096514] pci 0000:00:02.7: [1b36:000c] type 01 class 0x060400 PCIe Root Port
[    0.097619] pci 0000:00:02.7: BAR 0 [mem 0x8248f000-0x8248ffff]
[    0.097636] pci 0000:00:02.7: PCI bridge to [bus 08]
[    0.097660] pci 0000:00:02.7:   bridge window [mem 0x81400000-0x815fffff]
[    0.098009] pci 0000:00:02.7:   bridge window [mem 0x7070000000-0x707fffffff 64bit pref]
[    0.098728] pci 0000:00:03.0: [1b36:000c] type 01 class 0x060400 PCIe Root Port
[    0.099795] pci 0000:00:03.0: BAR 0 [mem 0x8248e000-0x8248efff]
[    0.099813] pci 0000:00:03.0: PCI bridge to [bus 09]
[    0.099837] pci 0000:00:03.0:   bridge window [mem 0x81200000-0x813fffff]
[    0.100255] pci 0000:00:03.0:   bridge window [mem 0x7080000000-0x708fffffff 64bit pref]
[    0.100917] pci 0000:00:03.1: [1b36:000c] type 01 class 0x060400 PCIe Root Port
[    0.102811] pci 0000:00:03.1: BAR 0 [mem 0x8248d000-0x8248dfff]
[    0.102844] pci 0000:00:03.1: PCI bridge to [bus 0a]
[    0.102874] pci 0000:00:03.1:   bridge window [mem 0x81000000-0x811fffff]
[    0.103831] pci 0000:00:03.1:   bridge window [mem 0x7090000000-0x709fffffff 64bit pref]
[    0.104795] pci 0000:00:03.2: [1b36:000c] type 01 class 0x060400 PCIe Root Port
[    0.106613] pci 0000:00:03.2: BAR 0 [mem 0x8248c000-0x8248cfff]
[    0.106629] pci 0000:00:03.2: PCI bridge to [bus 0b]
[    0.106653] pci 0000:00:03.2:   bridge window [mem 0x80e00000-0x80ffffff]
[    0.107036] pci 0000:00:03.2:   bridge window [mem 0x70a0000000-0x70afffffff 64bit pref]
[    0.107714] pci 0000:00:03.3: [1b36:000c] type 01 class 0x060400 PCIe Root Port
[    0.108816] pci 0000:00:03.3: BAR 0 [mem 0x8248b000-0x8248bfff]
[    0.108835] pci 0000:00:03.3: PCI bridge to [bus 0c]
[    0.108865] pci 0000:00:03.3:   bridge window [mem 0x80c00000-0x80dfffff]
[    0.109226] pci 0000:00:03.3:   bridge window [mem 0x70b0000000-0x70bfffffff 64bit pref]
[    0.109919] pci 0000:00:03.4: [1b36:000c] type 01 class 0x060400 PCIe Root Port
[    0.110816] pci 0000:00:03.4: BAR 0 [mem 0x8248a000-0x8248afff]
[    0.110833] pci 0000:00:03.4: PCI bridge to [bus 0d]
[    0.110859] pci 0000:00:03.4:   bridge window [mem 0x80a00000-0x80bfffff]
[    0.111265] pci 0000:00:03.4:   bridge window [mem 0x70c0000000-0x70cfffffff 64bit pref]
[    0.111954] pci 0000:00:03.5: [1b36:000c] type 01 class 0x060400 PCIe Root Port
[    0.113257] pci 0000:00:03.5: BAR 0 [mem 0x82489000-0x82489fff]
[    0.113275] pci 0000:00:03.5: PCI bridge to [bus 0e]
[    0.113308] pci 0000:00:03.5:   bridge window [mem 0x80800000-0x809fffff]
[    0.113826] pci 0000:00:03.5:   bridge window [mem 0x70d0000000-0x70dfffffff 64bit pref]
[    0.114719] pci 0000:00:05.0: [8086:10d3] type 00 class 0x020000 PCIe Root Complex Integrated Endpoint
[    0.116645] pci 0000:00:05.0: BAR 0 [mem 0x82460000-0x8247ffff]
[    0.116653] pci 0000:00:05.0: BAR 1 [mem 0x82440000-0x8245ffff]
[    0.116659] pci 0000:00:05.0: BAR 2 [io  0x6060-0x607f]
[    0.116665] pci 0000:00:05.0: BAR 3 [mem 0x82484000-0x82487fff]
[    0.116679] pci 0000:00:05.0: ROM [mem 0xfffc0000-0xffffffff pref]
[    0.117196] pci 0000:00:1b.0: [8086:293e] type 00 class 0x040300 conventional PCI endpoint
[    0.117785] pci 0000:00:1b.0: BAR 0 [mem 0x82480000-0x82483fff]
[    0.117992] pci 0000:00:1f.0: [8086:2918] type 00 class 0x060100 conventional PCI endpoint
[    0.118249] pci 0000:00:1f.0: quirk: [io  0x0600-0x067f] claimed by ICH6 ACPI/GPIO/TCO
[    0.118432] pci 0000:00:1f.2: [8086:2922] type 00 class 0x010601 conventional PCI endpoint
[    0.119390] pci 0000:00:1f.2: BAR 4 [io  0x6040-0x605f]
[    0.119399] pci 0000:00:1f.2: BAR 5 [mem 0x82488000-0x82488fff]
[    0.119648] pci 0000:00:1f.3: [8086:2930] type 00 class 0x0c0500 conventional PCI endpoint
[    0.119864] pci 0000:00:1f.3: BAR 4 [io  0x6000-0x603f]
[    0.120284] pci 0000:00:02.0: PCI bridge to [bus 01]
[    0.120960] pci 0000:02:00.0: [1b36:000d] type 00 class 0x0c0330 PCIe Endpoint
[    0.121584] pci 0000:02:00.0: BAR 0 [mem 0x82000000-0x82003fff 64bit]
[    0.122275] pci 0000:00:02.1: PCI bridge to [bus 02]
[    0.122971] pci 0000:03:00.0: [1af4:1043] type 00 class 0x078000 PCIe Endpoint
[    0.123818] pci 0000:03:00.0: BAR 1 [mem 0x81e00000-0x81e00fff]
[    0.123839] pci 0000:03:00.0: BAR 4 [mem 0x7020000000-0x7020003fff 64bit pref]
[    0.124714] pci 0000:00:02.2: PCI bridge to [bus 03]
[    0.125228] pci 0000:04:00.0: [1af4:1048] type 00 class 0x010000 PCIe Endpoint
[    0.126346] pci 0000:04:00.0: BAR 1 [mem 0x81c00000-0x81c00fff]
[    0.126367] pci 0000:04:00.0: BAR 4 [mem 0x7030000000-0x7030003fff 64bit pref]
[    0.127455] pci 0000:00:02.3: PCI bridge to [bus 04]
[    0.128009] pci 0000:05:00.0: [1af4:1045] type 00 class 0x00ff00 PCIe Endpoint
[    0.128613] pci 0000:05:00.0: BAR 4 [mem 0x7040000000-0x7040003fff 64bit pref]
[    0.129485] pci 0000:00:02.4: PCI bridge to [bus 05]
[    0.130032] pci 0000:06:00.0: [1af4:1044] type 00 class 0x00ff00 PCIe Endpoint
[    0.130818] pci 0000:06:00.0: BAR 1 [mem 0x81800000-0x81800fff]
[    0.130840] pci 0000:06:00.0: BAR 4 [mem 0x7050000000-0x7050003fff 64bit pref]
[    0.131626] pci 0000:00:02.5: PCI bridge to [bus 06]
[    0.132100] pci 0000:00:02.6: PCI bridge to [bus 07]
[    0.132595] pci 0000:00:02.7: PCI bridge to [bus 08]
[    0.133080] pci 0000:00:03.0: PCI bridge to [bus 09]
[    0.133617] pci 0000:00:03.1: PCI bridge to [bus 0a]
[    0.134068] pci 0000:00:03.2: PCI bridge to [bus 0b]
[    0.134611] pci 0000:00:03.3: PCI bridge to [bus 0c]
[    0.135081] pci 0000:00:03.4: PCI bridge to [bus 0d]
[    0.136305] pci 0000:00:03.5: PCI bridge to [bus 0e]
[    0.141433] ACPI: PCI: Interrupt link LNKA configured for IRQ 10
[    0.141476] ACPI: PCI: Interrupt link LNKB configured for IRQ 10
[    0.141512] ACPI: PCI: Interrupt link LNKC configured for IRQ 11
[    0.141549] ACPI: PCI: Interrupt link LNKD configured for IRQ 11
[    0.141583] ACPI: PCI: Interrupt link LNKE configured for IRQ 10
[    0.141620] ACPI: PCI: Interrupt link LNKF configured for IRQ 10
[    0.141655] ACPI: PCI: Interrupt link LNKG configured for IRQ 11
[    0.141687] ACPI: PCI: Interrupt link LNKH configured for IRQ 11
[    0.141703] ACPI: PCI: Interrupt link GSIA configured for IRQ 16
[    0.141707] ACPI: PCI: Interrupt link GSIB configured for IRQ 17
[    0.141710] ACPI: PCI: Interrupt link GSIC configured for IRQ 18
[    0.141713] ACPI: PCI: Interrupt link GSID configured for IRQ 19
[    0.141717] ACPI: PCI: Interrupt link GSIE configured for IRQ 20
[    0.141720] ACPI: PCI: Interrupt link GSIF configured for IRQ 21
[    0.141723] ACPI: PCI: Interrupt link GSIG configured for IRQ 22
[    0.141726] ACPI: PCI: Interrupt link GSIH configured for IRQ 23
[    0.142204] iommu: Default domain type: Translated
[    0.142206] iommu: DMA domain TLB invalidation policy: lazy mode
[    0.142255] SCSI subsystem initialized
[    0.142271] libata version 3.00 loaded.
[    0.142271] ACPI: bus type USB registered
[    0.142271] usbcore: registered new interface driver usbfs
[    0.142271] usbcore: registered new interface driver hub
[    0.142271] usbcore: registered new device driver usb
[    0.142271] pps_core: LinuxPPS API ver. 1 registered
[    0.142271] pps_core: Software ver. 5.3.6 - Copyright 2005-2007 Rodolfo Giometti <giometti@linux.it>
[    0.142271] PTP clock support registered
[    0.142822] efivars: Registered efivars operations
[    0.142858] Advanced Linux Sound Architecture Driver Initialized.
[    0.143544] NetLabel: Initializing
[    0.143546] NetLabel:  domain hash size = 128
[    0.143547] NetLabel:  protocols = UNLABELED CIPSOv4 CALIPSO
[    0.143561] NetLabel:  unlabeled traffic allowed by default
[    0.143586] PCI: Using ACPI for IRQ routing
[    0.186765] PCI: pci_cache_line_size set to 64 bytes
[    0.187077] e820: reserve RAM buffer [mem 0x0009f000-0x0009ffff]
[    0.187079] e820: reserve RAM buffer [mem 0x7cd97000-0x7fffffff]
[    0.187080] e820: reserve RAM buffer [mem 0x7e8ed000-0x7fffffff]
[    0.187081] e820: reserve RAM buffer [mem 0x7f000000-0x7fffffff]
[    0.187125] pci 0000:00:01.0: vgaarb: setting as boot VGA device
[    0.187125] pci 0000:00:01.0: vgaarb: bridge control possible
[    0.187125] pci 0000:00:01.0: vgaarb: VGA device added: decodes=io+mem,owns=io+mem,locks=none
[    0.187125] vgaarb: loaded
[    0.187873] clocksource: Switched to clocksource kvm-clock
[    0.188297] VFS: Disk quotas dquot_6.6.0
[    0.188303] VFS: Dquot-cache hash table entries: 512 (order 0, 4096 bytes)
[    0.188331] pnp: PnP ACPI init
[    0.188442] system 00:04: [mem 0xe0000000-0xefffffff window] has been reserved
[    0.188569] pnp: PnP ACPI: found 5 devices
[    0.195457] clocksource: acpi_pm: mask: 0xffffff max_cycles: 0xffffff, max_idle_ns: 2085701024 ns
[    0.195476] NET: Registered PF_INET protocol family
[    0.195532] IP idents hash table entries: 65536 (order: 7, 524288 bytes, linear)
[    0.196076] tcp_listen_portaddr_hash hash table entries: 2048 (order: 3, 32768 bytes, linear)
[    0.196083] Table-perturb hash table entries: 65536 (order: 6, 262144 bytes, linear)
[    0.196086] TCP established hash table entries: 32768 (order: 6, 262144 bytes, linear)
[    0.196106] TCP bind hash table entries: 32768 (order: 8, 1048576 bytes, linear)
[    0.196165] TCP: Hash tables configured (established 32768 bind 32768)
[    0.196188] UDP hash table entries: 2048 (order: 5, 131072 bytes, linear)
[    0.196201] UDP-Lite hash table entries: 2048 (order: 5, 131072 bytes, linear)
[    0.196235] NET: Registered PF_UNIX/PF_LOCAL protocol family
[    0.196454] RPC: Registered named UNIX socket transport module.
[    0.196456] RPC: Registered udp transport module.
[    0.196457] RPC: Registered tcp transport module.
[    0.196458] RPC: Registered tcp-with-tls transport module.
[    0.196459] RPC: Registered tcp NFSv4.1 backchannel transport module.
[    0.196990] pci 0000:00:05.0: ROM [mem 0xfffc0000-0xffffffff pref]: can't claim; no compatible bridge window
[    0.196994] pci 0000:00:02.0: bridge window [io  0x1000-0x0fff] to [bus 01] add_size 1000
[    0.196997] pci 0000:00:02.1: bridge window [io  0x1000-0x0fff] to [bus 02] add_size 1000
[    0.196999] pci 0000:00:02.2: bridge window [io  0x1000-0x0fff] to [bus 03] add_size 1000
[    0.197001] pci 0000:00:02.3: bridge window [io  0x1000-0x0fff] to [bus 04] add_size 1000
[    0.197002] pci 0000:00:02.4: bridge window [io  0x1000-0x0fff] to [bus 05] add_size 1000
[    0.197004] pci 0000:00:02.5: bridge window [io  0x1000-0x0fff] to [bus 06] add_size 1000
[    0.197006] pci 0000:00:02.6: bridge window [io  0x1000-0x0fff] to [bus 07] add_size 1000
[    0.197007] pci 0000:00:02.7: bridge window [io  0x1000-0x0fff] to [bus 08] add_size 1000
[    0.197009] pci 0000:00:03.0: bridge window [io  0x1000-0x0fff] to [bus 09] add_size 1000
[    0.197010] pci 0000:00:03.1: bridge window [io  0x1000-0x0fff] to [bus 0a] add_size 1000
[    0.197012] pci 0000:00:03.2: bridge window [io  0x1000-0x0fff] to [bus 0b] add_size 1000
[    0.197013] pci 0000:00:03.3: bridge window [io  0x1000-0x0fff] to [bus 0c] add_size 1000
[    0.197015] pci 0000:00:03.4: bridge window [io  0x1000-0x0fff] to [bus 0d] add_size 1000
[    0.197016] pci 0000:00:03.5: bridge window [io  0x1000-0x0fff] to [bus 0e] add_size 1000
[    0.197023] pci 0000:00:05.0: ROM [mem 0x82400000-0x8243ffff pref]: assigned
[    0.197025] pci 0000:00:02.0: bridge window [io  0x1000-0x1fff]: assigned
[    0.197027] pci 0000:00:02.1: bridge window [io  0x2000-0x2fff]: assigned
[    0.197028] pci 0000:00:02.2: bridge window [io  0x3000-0x3fff]: assigned
[    0.197030] pci 0000:00:02.3: bridge window [io  0x4000-0x4fff]: assigned
[    0.197031] pci 0000:00:02.4: bridge window [io  0x5000-0x5fff]: assigned
[    0.197038] pci 0000:00:02.5: bridge window [io  0x7000-0x7fff]: assigned
[    0.197040] pci 0000:00:02.6: bridge window [io  0x8000-0x8fff]: assigned
[    0.197043] pci 0000:00:02.7: bridge window [io  0x9000-0x9fff]: assigned
[    0.197045] pci 0000:00:03.0: bridge window [io  0xa000-0xafff]: assigned
[    0.197048] pci 0000:00:03.1: bridge window [io  0xb000-0xbfff]: assigned
[    0.197050] pci 0000:00:03.2: bridge window [io  0xc000-0xcfff]: assigned
[    0.197052] pci 0000:00:03.3: bridge window [io  0xd000-0xdfff]: assigned
[    0.197055] pci 0000:00:03.4: bridge window [io  0xe000-0xefff]: assigned
[    0.197057] pci 0000:00:03.5: bridge window [io  0xf000-0xffff]: assigned
[    0.197062] pci 0000:00:02.0: PCI bridge to [bus 01]
[    0.197072] pci 0000:00:02.0:   bridge window [io  0x1000-0x1fff]
[    0.198217] pci 0000:00:02.0:   bridge window [mem 0x82200000-0x823fffff]
[    0.198868] pci 0000:00:02.0:   bridge window [mem 0x7000000000-0x700fffffff 64bit pref]
[    0.200181] pci 0000:00:02.1: PCI bridge to [bus 02]
[    0.200189] pci 0000:00:02.1:   bridge window [io  0x2000-0x2fff]
[    0.201208] pci 0000:00:02.1:   bridge window [mem 0x82000000-0x821fffff]
[    0.202056] pci 0000:00:02.1:   bridge window [mem 0x7010000000-0x701fffffff 64bit pref]
[    0.203364] pci 0000:00:02.2: PCI bridge to [bus 03]
[    0.203371] pci 0000:00:02.2:   bridge window [io  0x3000-0x3fff]
[    0.204362] pci 0000:00:02.2:   bridge window [mem 0x81e00000-0x81ffffff]
[    0.205023] pci 0000:00:02.2:   bridge window [mem 0x7020000000-0x702fffffff 64bit pref]
[    0.206393] pci 0000:00:02.3: PCI bridge to [bus 04]
[    0.206400] pci 0000:00:02.3:   bridge window [io  0x4000-0x4fff]
[    0.207398] pci 0000:00:02.3:   bridge window [mem 0x81c00000-0x81dfffff]
[    0.209263] pci 0000:00:02.3:   bridge window [mem 0x7030000000-0x703fffffff 64bit pref]
[    0.210019] pci 0000:00:02.4: PCI bridge to [bus 05]
[    0.210026] pci 0000:00:02.4:   bridge window [io  0x5000-0x5fff]
[    0.210603] pci 0000:00:02.4:   bridge window [mem 0x81a00000-0x81bfffff]
[    0.210987] pci 0000:00:02.4:   bridge window [mem 0x7040000000-0x704fffffff 64bit pref]
[    0.211744] pci 0000:00:02.5: PCI bridge to [bus 06]
[    0.211789] pci 0000:00:02.5:   bridge window [io  0x7000-0x7fff]
[    0.212362] pci 0000:00:02.5:   bridge window [mem 0x81800000-0x819fffff]
[    0.212746] pci 0000:00:02.5:   bridge window [mem 0x7050000000-0x705fffffff 64bit pref]
[    0.213537] pci 0000:00:02.6: PCI bridge to [bus 07]
[    0.213544] pci 0000:00:02.6:   bridge window [io  0x8000-0x8fff]
[    0.214177] pci 0000:00:02.6:   bridge window [mem 0x81600000-0x817fffff]
[    0.214566] pci 0000:00:02.6:   bridge window [mem 0x7060000000-0x706fffffff 64bit pref]
[    0.215659] pci 0000:00:02.7: PCI bridge to [bus 08]
[    0.215666] pci 0000:00:02.7:   bridge window [io  0x9000-0x9fff]
[    0.216855] pci 0000:00:02.7:   bridge window [mem 0x81400000-0x815fffff]
[    0.217519] pci 0000:00:02.7:   bridge window [mem 0x7070000000-0x707fffffff 64bit pref]
[    0.218848] pci 0000:00:03.0: PCI bridge to [bus 09]
[    0.218855] pci 0000:00:03.0:   bridge window [io  0xa000-0xafff]
[    0.221275] pci 0000:00:03.0:   bridge window [mem 0x81200000-0x813fffff]
[    0.221631] pci 0000:00:03.0:   bridge window [mem 0x7080000000-0x708fffffff 64bit pref]
[    0.222343] pci 0000:00:03.1: PCI bridge to [bus 0a]
[    0.222351] pci 0000:00:03.1:   bridge window [io  0xb000-0xbfff]
[    0.222903] pci 0000:00:03.1:   bridge window [mem 0x81000000-0x811fffff]
[    0.223271] pci 0000:00:03.1:   bridge window [mem 0x7090000000-0x709fffffff 64bit pref]
[    0.224220] pci 0000:00:03.2: PCI bridge to [bus 0b]
[    0.224227] pci 0000:00:03.2:   bridge window [io  0xc000-0xcfff]
[    0.224795] pci 0000:00:03.2:   bridge window [mem 0x80e00000-0x80ffffff]
[    0.225160] pci 0000:00:03.2:   bridge window [mem 0x70a0000000-0x70afffffff 64bit pref]
[    0.225845] pci 0000:00:03.3: PCI bridge to [bus 0c]
[    0.225852] pci 0000:00:03.3:   bridge window [io  0xd000-0xdfff]
[    0.226431] pci 0000:00:03.3:   bridge window [mem 0x80c00000-0x80dfffff]
[    0.226812] pci 0000:00:03.3:   bridge window [mem 0x70b0000000-0x70bfffffff 64bit pref]
[    0.227582] pci 0000:00:03.4: PCI bridge to [bus 0d]
[    0.227589] pci 0000:00:03.4:   bridge window [io  0xe000-0xefff]
[    0.228215] pci 0000:00:03.4:   bridge window [mem 0x80a00000-0x80bfffff]
[    0.228610] pci 0000:00:03.4:   bridge window [mem 0x70c0000000-0x70cfffffff 64bit pref]
[    0.229620] pci 0000:00:03.5: PCI bridge to [bus 0e]
[    0.229628] pci 0000:00:03.5:   bridge window [io  0xf000-0xffff]
[    0.230587] pci 0000:00:03.5:   bridge window [mem 0x80800000-0x809fffff]
[    0.231313] pci 0000:00:03.5:   bridge window [mem 0x70d0000000-0x70dfffffff 64bit pref]
[    0.234268] pci_bus 0000:00: resource 4 [io  0x0000-0x0cf7 window]
[    0.234273] pci_bus 0000:00: resource 5 [io  0x0d00-0xffff window]
[    0.234275] pci_bus 0000:00: resource 6 [mem 0x000a0000-0x000bffff window]
[    0.234276] pci_bus 0000:00: resource 7 [mem 0x80000000-0xdfffffff window]
[    0.234278] pci_bus 0000:00: resource 8 [mem 0xf0000000-0xfebfffff window]
[    0.234279] pci_bus 0000:00: resource 9 [mem 0x7000000000-0x77ffffffff window]
[    0.234281] pci_bus 0000:01: resource 0 [io  0x1000-0x1fff]
[    0.234282] pci_bus 0000:01: resource 1 [mem 0x82200000-0x823fffff]
[    0.234284] pci_bus 0000:01: resource 2 [mem 0x7000000000-0x700fffffff 64bit pref]
[    0.234285] pci_bus 0000:02: resource 0 [io  0x2000-0x2fff]
[    0.234287] pci_bus 0000:02: resource 1 [mem 0x82000000-0x821fffff]
[    0.234288] pci_bus 0000:02: resource 2 [mem 0x7010000000-0x701fffffff 64bit pref]
[    0.234290] pci_bus 0000:03: resource 0 [io  0x3000-0x3fff]
[    0.234291] pci_bus 0000:03: resource 1 [mem 0x81e00000-0x81ffffff]
[    0.234292] pci_bus 0000:03: resource 2 [mem 0x7020000000-0x702fffffff 64bit pref]
[    0.234294] pci_bus 0000:04: resource 0 [io  0x4000-0x4fff]
[    0.234295] pci_bus 0000:04: resource 1 [mem 0x81c00000-0x81dfffff]
[    0.234296] pci_bus 0000:04: resource 2 [mem 0x7030000000-0x703fffffff 64bit pref]
[    0.234298] pci_bus 0000:05: resource 0 [io  0x5000-0x5fff]
[    0.234299] pci_bus 0000:05: resource 1 [mem 0x81a00000-0x81bfffff]
[    0.234300] pci_bus 0000:05: resource 2 [mem 0x7040000000-0x704fffffff 64bit pref]
[    0.234302] pci_bus 0000:06: resource 0 [io  0x7000-0x7fff]
[    0.234303] pci_bus 0000:06: resource 1 [mem 0x81800000-0x819fffff]
[    0.234305] pci_bus 0000:06: resource 2 [mem 0x7050000000-0x705fffffff 64bit pref]
[    0.234306] pci_bus 0000:07: resource 0 [io  0x8000-0x8fff]
[    0.234307] pci_bus 0000:07: resource 1 [mem 0x81600000-0x817fffff]
[    0.234309] pci_bus 0000:07: resource 2 [mem 0x7060000000-0x706fffffff 64bit pref]
[    0.234310] pci_bus 0000:08: resource 0 [io  0x9000-0x9fff]
[    0.234311] pci_bus 0000:08: resource 1 [mem 0x81400000-0x815fffff]
[    0.234313] pci_bus 0000:08: resource 2 [mem 0x7070000000-0x707fffffff 64bit pref]
[    0.234314] pci_bus 0000:09: resource 0 [io  0xa000-0xafff]
[    0.234315] pci_bus 0000:09: resource 1 [mem 0x81200000-0x813fffff]
[    0.234317] pci_bus 0000:09: resource 2 [mem 0x7080000000-0x708fffffff 64bit pref]
[    0.234318] pci_bus 0000:0a: resource 0 [io  0xb000-0xbfff]
[    0.234319] pci_bus 0000:0a: resource 1 [mem 0x81000000-0x811fffff]
[    0.234321] pci_bus 0000:0a: resource 2 [mem 0x7090000000-0x709fffffff 64bit pref]
[    0.234322] pci_bus 0000:0b: resource 0 [io  0xc000-0xcfff]
[    0.234323] pci_bus 0000:0b: resource 1 [mem 0x80e00000-0x80ffffff]
[    0.234325] pci_bus 0000:0b: resource 2 [mem 0x70a0000000-0x70afffffff 64bit pref]
[    0.234326] pci_bus 0000:0c: resource 0 [io  0xd000-0xdfff]
[    0.234327] pci_bus 0000:0c: resource 1 [mem 0x80c00000-0x80dfffff]
[    0.234328] pci_bus 0000:0c: resource 2 [mem 0x70b0000000-0x70bfffffff 64bit pref]
[    0.234330] pci_bus 0000:0d: resource 0 [io  0xe000-0xefff]
[    0.234331] pci_bus 0000:0d: resource 1 [mem 0x80a00000-0x80bfffff]
[    0.234332] pci_bus 0000:0d: resource 2 [mem 0x70c0000000-0x70cfffffff 64bit pref]
[    0.234334] pci_bus 0000:0e: resource 0 [io  0xf000-0xffff]
[    0.234335] pci_bus 0000:0e: resource 1 [mem 0x80800000-0x809fffff]
[    0.234336] pci_bus 0000:0e: resource 2 [mem 0x70d0000000-0x70dfffffff 64bit pref]
[    0.234888] ACPI: \_SB_.GSIG: Enabled at IRQ 22
[    0.235891] PCI: CLS 0 bytes, default 64
[    0.235944] PCI-DMA: Using software bounce buffering for IO (SWIOTLB)
[    0.235956] software IO TLB: mapped [mem 0x0000000076ffe000-0x000000007affe000] (64MB)
[    0.235991] RAPL PMU: API unit is 2^-32 Joules, 0 fixed counters, 10737418240 ms ovfl timer
[    0.236004] clocksource: tsc: mask: 0xffffffffffffffff max_cycles: 0x22df1149949, max_idle_ns: 440795312789 ns
[    0.247362] Initialise system trusted keyrings
[    0.247661] workingset: timestamp_bits=56 max_order=20 bucket_order=0
[    0.248001] NFS: Registering the id_resolver key type
[    0.248006] Key type id_resolver registered
[    0.248008] Key type id_legacy registered
[    0.248049] 9p: Installing v9fs 9p2000 file system support
[    0.260546] Key type asymmetric registered
[    0.260554] Asymmetric key parser 'x509' registered
[    0.260579] Block layer SCSI generic (bsg) driver version 0.4 loaded (major 251)
[    0.260587] io scheduler mq-deadline registered
[    0.260589] io scheduler kyber registered
[    0.264765] pcieport 0000:00:02.0: PME: Signaling with IRQ 24
[    0.265489] pcieport 0000:00:02.1: PME: Signaling with IRQ 25
[    0.266322] pcieport 0000:00:02.2: PME: Signaling with IRQ 26
[    0.267156] pcieport 0000:00:02.3: PME: Signaling with IRQ 27
[    0.267969] pcieport 0000:00:02.4: PME: Signaling with IRQ 28
[    0.268826] pcieport 0000:00:02.5: PME: Signaling with IRQ 29
[    0.269656] pcieport 0000:00:02.6: PME: Signaling with IRQ 30
[    0.270481] pcieport 0000:00:02.7: PME: Signaling with IRQ 31
[    0.270757] ACPI: \_SB_.GSIH: Enabled at IRQ 23
[    0.271390] pcieport 0000:00:03.0: PME: Signaling with IRQ 32
[    0.272229] pcieport 0000:00:03.1: PME: Signaling with IRQ 33
[    0.273027] pcieport 0000:00:03.2: PME: Signaling with IRQ 34
[    0.274699] pcieport 0000:00:03.3: PME: Signaling with IRQ 35
[    0.275367] pcieport 0000:00:03.4: PME: Signaling with IRQ 36
[    0.276041] pcieport 0000:00:03.5: PME: Signaling with IRQ 37
[    0.276282] input: Power Button as /devices/LNXSYSTM:00/LNXPWRBN:00/input/input0
[    0.276737] ACPI: button: Power Button [PWRF]
[    0.280341] ACPI: \_SB_.GSIF: Enabled at IRQ 21
[    0.284422] Serial: 8250/16550 driver, 4 ports, IRQ sharing enabled
[    0.284516] 00:00: ttyS0 at I/O 0x3f8 (irq = 4, base_baud = 115200) is a 16550A
[    0.291744] Non-volatile memory driver v1.3
[    0.291749] Linux agpgart interface v0.103
[    0.291805] ACPI: bus type drm_connector registered
[    0.291900] [drm] pci: virtio-vga detected at 0000:00:01.0
[    0.291902] virtio-pci 0000:00:01.0: vgaarb: deactivate vga console
[    0.292052] [drm] features: -virgl +edid -resource_blob -host_visible
[    0.292053] [drm] features: -context_init
[    0.292429] [drm] number of scanouts: 1
[    0.292433] [drm] number of cap sets: 0
[    0.292850] [drm] Initialized virtio_gpu 0.1.0 for 0000:00:01.0 on minor 0
[    0.297627] loop: module loaded
[    0.298124] virtio_scsi virtio2: 24/0/0 default/read/poll queues
[    0.301275] scsi host0: Virtio SCSI HBA
[    0.314366] ahci 0000:00:1f.2: version 3.0
[    0.314480] ACPI: \_SB_.GSIA: Enabled at IRQ 16
[    0.314882] ahci 0000:00:1f.2: AHCI vers 0001.0000, 32 command slots, 1.5 Gbps, SATA mode
[    0.314886] ahci 0000:00:1f.2: 6/6 ports implemented (port mask 0x3f)
[    0.314887] ahci 0000:00:1f.2: flags: 64bit ncq only 
[    0.315816] scsi host1: ahci
[    0.316061] scsi host2: ahci
[    0.316190] scsi host3: ahci
[    0.316294] scsi host4: ahci
[    0.316393] scsi host5: ahci
[    0.316492] scsi host6: ahci
[    0.316513] ata1: SATA max UDMA/133 abar m4096@0x82488000 port 0x82488100 irq 70 lpm-pol 0
[    0.316518] ata2: SATA max UDMA/133 abar m4096@0x82488000 port 0x82488180 irq 70 lpm-pol 0
[    0.316523] ata3: SATA max UDMA/133 abar m4096@0x82488000 port 0x82488200 irq 70 lpm-pol 0
[    0.316527] ata4: SATA max UDMA/133 abar m4096@0x82488000 port 0x82488280 irq 70 lpm-pol 0
[    0.316532] ata5: SATA max UDMA/133 abar m4096@0x82488000 port 0x82488300 irq 70 lpm-pol 0
[    0.316536] ata6: SATA max UDMA/133 abar m4096@0x82488000 port 0x82488380 irq 70 lpm-pol 0
[    0.316665] e100: Intel(R) PRO/100 Network Driver
[    0.316666] e100: Copyright(c) 1999-2006 Intel Corporation
[    0.316671] e1000: Intel(R) PRO/1000 Network Driver
[    0.316672] e1000: Copyright (c) 1999-2006 Intel Corporation.
[    0.316676] e1000e: Intel(R) PRO/1000 Network Driver
[    0.316677] e1000e: Copyright(c) 1999 - 2015 Intel Corporation.
[    0.316972] e1000e 0000:00:05.0: Interrupt Throttling Rate (ints/sec) set to dynamic conservative mode
[    0.355055] e1000e 0000:00:05.0 0000:00:05.0 (uninitialized): registered PHC clock
[    0.399635] e1000e 0000:00:05.0 eth0: (PCI Express:2.5GT/s:Width x1) 52:54:00:1d:3b:49
[    0.399642] e1000e 0000:00:05.0 eth0: Intel(R) PRO/1000 Network Connection
[    0.399661] e1000e 0000:00:05.0 eth0: MAC: 3, PHY: 8, PBA No: 000000-000
[    0.399677] sky2: driver version 1.30
[    0.400507] xhci_hcd 0000:02:00.0: xHCI Host Controller
[    0.400562] xhci_hcd 0000:02:00.0: new USB bus registered, assigned bus number 1
[    0.400792] xhci_hcd 0000:02:00.0: hcc params 0x00087001 hci version 0x100 quirks 0x0000000000000010
[    0.401439] xhci_hcd 0000:02:00.0: xHCI Host Controller
[    0.401531] xhci_hcd 0000:02:00.0: new USB bus registered, assigned bus number 2
[    0.401534] xhci_hcd 0000:02:00.0: Host supports USB 3.0 SuperSpeed
[    0.401573] usb usb1: New USB device found, idVendor=1d6b, idProduct=0002, bcdDevice= 6.14
[    0.401576] usb usb1: New USB device strings: Mfr=3, Product=2, SerialNumber=1
[    0.401577] usb usb1: Product: xHCI Host Controller
[    0.401579] usb usb1: Manufacturer: Linux 6.14.0-tjukmong xhci-hcd
[    0.401580] usb usb1: SerialNumber: 0000:02:00.0
[    0.401692] hub 1-0:1.0: USB hub found
[    0.401738] hub 1-0:1.0: 15 ports detected
[    0.402062] usb usb2: We don't know the algorithms for LPM for this host, disabling LPM.
[    0.402071] usb usb2: New USB device found, idVendor=1d6b, idProduct=0003, bcdDevice= 6.14
[    0.402073] usb usb2: New USB device strings: Mfr=3, Product=2, SerialNumber=1
[    0.402074] usb usb2: Product: xHCI Host Controller
[    0.402076] usb usb2: Manufacturer: Linux 6.14.0-tjukmong xhci-hcd
[    0.402077] usb usb2: SerialNumber: 0000:02:00.0
[    0.402258] hub 2-0:1.0: USB hub found
[    0.402303] hub 2-0:1.0: 15 ports detected
[    0.402641] usbcore: registered new interface driver usblp
[    0.402647] usbcore: registered new interface driver usb-storage
[    0.402663] i8042: PNP: PS/2 Controller [PNP0303:KBD,PNP0f13:MOU] at 0x60,0x64 irq 1,12
[    0.403416] serio: i8042 KBD port at 0x60,0x64 irq 1
[    0.403419] serio: i8042 AUX port at 0x60,0x64 irq 12
[    0.403514] rtc_cmos 00:03: RTC can wake from S4
[    0.403965] input: AT Translated Set 2 keyboard as /devices/platform/i8042/serio0/input/input1
[    0.404002] rtc_cmos 00:03: registered as rtc0
[    0.404047] rtc_cmos 00:03: alarms up to one day, y3k, 242 bytes nvram
[    0.404173] device-mapper: ioctl: 4.49.0-ioctl (2025-01-17) initialised: dm-devel@lists.linux.dev
[    0.404183] intel_pstate: CPU model not supported
[    0.404195] hid: raw HID events driver (C) Jiri Kosina
[    0.404288] usbcore: registered new interface driver usbhid
[    0.404289] usbhid: USB HID core driver
[    0.404913] i801_smbus 0000:00:1f.3: Enabling SMBus device
[    0.404981] i801_smbus 0000:00:1f.3: SMBus using PCI interrupt
[    0.405059] i2c i2c-0: Memory type 0x07 not supported yet, not instantiating SPD
[    0.405279] Initializing XFRM netlink socket
[    0.405289] NET: Registered PF_INET6 protocol family
[    0.405960] Segment Routing with IPv6
[    0.405972] In-situ OAM (IOAM) with IPv6
[    0.406005] sit: IPv6, IPv4 and MPLS over IPv4 tunneling driver
[    0.406327] NET: Registered PF_PACKET protocol family
[    0.406345] 9pnet: Installing 9P2000 support
[    0.406355] Key type dns_resolver registered
[    0.409039] snd_hda_intel 0000:00:1b.0: Cannot probe codecs, giving up
[    0.410053] IPI shorthand broadcast: enabled
[    0.411442] sched_clock: Marking stable (410002188, 950112)->(447387976, -36435676)
[    0.412324] registered taskstats version 1
[    0.412327] Loading compiled-in X.509 certificates
[    0.413209] Demotion targets for Node 0: null
[    0.413336] PM:   Magic number: 5:763:631
[    0.413381] pci_bus 0000:0d: hash matches
[    0.413403] printk: legacy console [netcon0] enabled
[    0.413405] netconsole: network logging started
[    0.413436] cfg80211: Loading compiled-in X.509 certificates for regulatory database
[    0.413541] kworker/u96:7 (189) used greatest stack depth: 14032 bytes left
[    0.414000] Loaded X.509 cert 'sforshee: 00b28ddf47aef9cea7'
[    0.414096] Loaded X.509 cert 'wens: 61c038651aabdcf94bd0ac7ff06c7248db18c600'
[    0.414114] platform regulatory.0: Direct firmware load for regulatory.db failed with error -2
[    0.414117] cfg80211: failed to load regulatory.db
[    0.414131] ALSA device list:
[    0.414133]   No soundcards found.
[    0.623836] ata3: SATA link down (SStatus 0 SControl 300)
[    0.624621] ata2: SATA link down (SStatus 0 SControl 300)
[    0.624975] ata6: SATA link down (SStatus 0 SControl 300)
[    0.625268] ata4: SATA link down (SStatus 0 SControl 300)
[    0.625589] ata5: SATA link down (SStatus 0 SControl 300)
[    0.625976] ata1: SATA link up 1.5 Gbps (SStatus 113 SControl 300)
[    0.626399] ata1.00: ATA-7: QEMU HARDDISK, 2.5+, max UDMA/100
[    0.626412] ata1.00: 52428800 sectors, multi 16: LBA48 NCQ (depth 32)
[    0.626422] ata1.00: applying bridge limits
[    0.626733] ata1.00: configured for UDMA/100
[    0.627068] scsi 1:0:0:0: Direct-Access     ATA      QEMU HARDDISK    2.5+ PQ: 0 ANSI: 5
[    0.627528] sd 1:0:0:0: Attached scsi generic sg0 type 0
[    0.627551] sd 1:0:0:0: [sda] 52428800 512-byte logical blocks: (26.8 GB/25.0 GiB)
[    0.627569] sd 1:0:0:0: [sda] Write Protect is off
[    0.627574] sd 1:0:0:0: [sda] Mode Sense: 00 3a 00 00
[    0.627585] sd 1:0:0:0: [sda] Write cache: enabled, read cache: enabled, doesn't support DPO or FUA
[    0.627609] sd 1:0:0:0: [sda] Preferred minimum I/O size 512 bytes
[    0.640222] usb 1-1: new high-speed USB device number 2 using xhci_hcd
[    0.651745]  sda: sda1 sda2 sda3 sda4
[    0.652751] sd 1:0:0:0: [sda] Attached SCSI disk
[    0.765908] usb 1-1: New USB device found, idVendor=0627, idProduct=0001, bcdDevice= 0.00
[    0.765916] usb 1-1: New USB device strings: Mfr=1, Product=3, SerialNumber=10
[    0.765918] usb 1-1: Product: QEMU USB Tablet
[    0.765920] usb 1-1: Manufacturer: QEMU
[    0.765921] usb 1-1: SerialNumber: 28754-0000:00:02.1:00.0-1
[    0.766786] input: QEMU QEMU USB Tablet as /devices/pci0000:00/0000:00:02.1/0000:02:00.0/usb1/1-1/1-1:1.0/0003:0627:0001.0001/input/input4
[    0.767013] hid-generic 0003:0627:0001.0001: input,hidraw0: USB HID v0.01 Mouse [QEMU QEMU USB Tablet] on usb-0000:02:00.0-1/input0
[    0.826579] input: ImExPS/2 Generic Explorer Mouse as /devices/platform/i8042/serio1/input/input3
[    0.826998] md: Waiting for all devices to be available before autodetect
[    0.827011] md: If you don't use raid, use raid=noautodetect
[    0.827014] md: Autodetecting RAID arrays.
[    0.827016] md: autorun ...
[    0.827017] md: ... autorun DONE.
[    0.836973] EXT4-fs (sda4): mounted filesystem 33f4a330-a043-4515-b16c-ee1f0959346b r/w with ordered data mode. Quota mode: none.
[    0.836999] VFS: Mounted root (ext4 filesystem) on device 8:4.
[    0.837843] devtmpfs: mounted
[    0.839263] Freeing unused kernel image (initmem) memory: 2848K
[    0.839277] Write protecting the kernel read-only data: 28672k
[    0.841200] Freeing unused kernel image (text/rodata gap) memory: 1868K
[    0.842158] Freeing unused kernel image (rodata/data gap) memory: 1084K
[    0.848606] x86/mm: Checked W+X mappings: passed, no W+X pages found.
[    0.848615] Run /sbin/init as init process
[    0.848617]   with arguments:
[    0.848617]     /sbin/init
[    0.848618]   with environment:
[    0.848618]     HOME=/
[    0.848619]     TERM=linux
[    0.848619]     BOOT_IMAGE=/vmlinuz-6.14.0-tjukmong
[    0.876024] systemd[1]: RTC configured in localtime, applying delta of 420 minutes to system time.
[    0.886886] modprobe (199) used greatest stack depth: 13248 bytes left
[    0.950538] systemd[1]: systemd 240 running in system mode. (+PAM -AUDIT -SELINUX +IMA -APPARMOR +SMACK +SYSVINIT +UTMP -LIBCRYPTSETUP -GCRYPT -GNUTLS +ACL +XZ -LZ4 -SECCOMP +BLKID -ELFUTILS +KMOD -IDN2 -IDN -PCRE2 default-hierarchy=hybrid)
[    0.950562] systemd[1]: Detected virtualization kvm.
[    0.950565] systemd[1]: Detected architecture x86-64.
[    0.971283] systemd[1]: Set hostname to <tjukmong>.
[    0.972465] systemd[1]: Failed to bump fs.file-max, ignoring: Invalid argument
[    0.997303] systemd-debug-g (202) used greatest stack depth: 12960 bytes left
[    0.997373] systemd-bless-b (201) used greatest stack depth: 12896 bytes left
[    1.018081] systemd[1]: File /lib/systemd/system/systemd-journald.service:12 configures an IP firewall (IPAddressDeny=any), but the local system does not support BPF/cgroup based firewalling.
[    1.018106] systemd[1]: Proceeding WITHOUT firewalling in effect! (This warning is only shown for the first loaded unit using IP firewalling.)
[    1.085429] systemd[1]: Listening on Network Service Netlink Socket.
[    1.085527] systemd[1]: Listening on Journal Socket (/dev/log).
[    1.085558] systemd[1]: Started Dispatch Password Requests to Console Directory Watch.
[    1.140069] EXT4-fs (sda4): re-mounted 33f4a330-a043-4515-b16c-ee1f0959346b r/w. Quota mode: none.
[    1.145777] systemd-journald[217]: Received request to flush runtime journal from PID 1
[    1.146500] systemd-journald[217]: File /var/log/journal/2f38c66de19249eeb73f9d50e2328a09/system.journal corrupted or uncleanly shut down, renaming and replacing.
[    1.359802] e1000e 0000:00:05.0 enp0s5: renamed from eth0
[    1.406187] Adding 2097148k swap on /dev/sda3.  Priority:1 extents:1 across:2097148k 
[    1.457203] EXT4-fs (sda2): mounted filesystem 904653d5-d2db-4779-ae2d-571ebcf2040a r/w with ordered data mode. Quota mode: none.
[    1.911249] e1000e 0000:00:05.0 enp0s5: NIC Link is Up 1000 Mbps Full Duplex, Flow Control: Rx/Tx
[   36.394128] (worker) (265) used greatest stack depth: 12720 bytes left
